16:36:00 **** Incremental Build of configuration Debug for project LED_UART_DMA ****
make -j16 all 
arm-none-eabi-gcc "../Core/Src/main.c" -mcpu=cortex-m3 -std=gnu11 -g3 -DDEBUG -DUSE_HAL_DRIVER -DSTM32F103xB -c -I../Core/Inc -I../Drivers/STM32F1xx_HAL_Driver/Inc/Legacy -I../Drivers/STM32F1xx_HAL_Driver/Inc -I../Drivers/CMSIS/Device/ST/STM32F1xx/Include -I../Drivers/CMSIS/Include -O0 -ffunction-sections -fdata-sections -Wall -fstack-usage -fcyclomatic-complexity -MMD -MP -MF"Core/Src/main.d" -MT"Core/Src/main.o" --specs=nano.specs -mfloat-abi=soft -mthumb -o "Core/Src/main.o"
../Core/Src/main.c: In function 'HAL_UARTEx_RxEventCallback':
../Core/Src/main.c:66:47: warning: pointer targets in passing argument 2 of 'HAL_UARTEx_ReceiveToIdle_DMA' differ in signedness [-Wpointer-sign]
   66 |         HAL_UARTEx_ReceiveToIdle_DMA(&huart2, receiveData, sizeof(receiveData));
      |                                               ^~~~~~~~~~~
      |                                               |
      |                                               char *
In file included from ../Core/Inc/stm32f1xx_hal_conf.h:338,
                 from ../Drivers/STM32F1xx_HAL_Driver/Inc/stm32f1xx_hal.h:29,
                 from ../Core/Inc/main.h:30,
                 from ../Core/Src/main.c:20:
../Drivers/STM32F1xx_HAL_Driver/Inc/stm32f1xx_hal_uart.h:762:84: note: expected 'uint8_t *' {aka 'unsigned char *'} but argument is of type 'char *'
  762 | HAL_StatusTypeDef HAL_UARTEx_ReceiveToIdle_DMA(UART_HandleTypeDef *huart, uint8_t *pData, uint16_t Size);
      |                                                                           ~~~~~~~~~^~~~~
../Core/Src/main.c:69:39: warning: pointer targets in passing argument 2 of 'HAL_UART_Transmit_DMA' differ in signedness [-Wpointer-sign]
   69 |         HAL_UART_Transmit_DMA(&huart2,receiveData, Size);
      |                                       ^~~~~~~~~~~
      |                                       |
      |                                       char *
../Drivers/STM32F1xx_HAL_Driver/Inc/stm32f1xx_hal_uart.h:753:83: note: expected 'const uint8_t *' {aka 'const unsigned char *'} but argument is of type 'char *'
  753 | HAL_StatusTypeDef HAL_UART_Transmit_DMA(UART_HandleTypeDef *huart, const uint8_t *pData, uint16_t Size);
      |                                                                    ~~~~~~~~~~~~~~~^~~~~
../Core/Src/main.c: In function 'main':
../Core/Src/main.c:131:41: warning: pointer targets in passing argument 2 of 'HAL_UARTEx_ReceiveToIdle_DMA' differ in signedness [-Wpointer-sign]
  131 |   HAL_UARTEx_ReceiveToIdle_DMA(&huart2, receiveData, sizeof(receiveData));
      |                                         ^~~~~~~~~~~
      |                                         |
      |                                         char *
../Drivers/STM32F1xx_HAL_Driver/Inc/stm32f1xx_hal_uart.h:762:84: note: expected 'uint8_t *' {aka 'unsigned char *'} but argument is of type 'char *'
  762 | HAL_StatusTypeDef HAL_UARTEx_ReceiveToIdle_DMA(UART_HandleTypeDef *huart, uint8_t *pData, uint16_t Size);
      |                                                                           ~~~~~~~~~^~~~~
arm-none-eabi-gcc -o "LED_UART_DMA.elf" @"objects.list"   -mcpu=cortex-m3 -T"F:\STM32CubeIDE\workspace_1.18.0\LED_UART_DMA\STM32F103C8TX_FLASH.ld" --specs=nosys.specs -Wl,-Map="LED_UART_DMA.map" -Wl,--gc-sections -static --specs=nano.specs -mfloat-abi=soft -mthumb -Wl,--start-group -lc -lm -Wl,--end-group
Finished building target: LED_UART_DMA.elf
 
arm-none-eabi-size  LED_UART_DMA.elf 
arm-none-eabi-objdump -h -S LED_UART_DMA.elf  > "LED_UART_DMA.list"
   text	   data	    bss	    dec	    hex	filename
  11028	     12	   1812	  12852	   3234	LED_UART_DMA.elf
Finished building: default.size.stdout
 
Finished building: LED_UART_DMA.list
 

16:36:01 Build Finished. 0 errors, 3 warnings. (took 499ms)

