18:30:48 **** Incremental Build of configuration Debug for project STM32_IIC ****
make -j16 all 
arm-none-eabi-gcc "../Core/Src/main.c" -mcpu=cortex-m3 -std=gnu11 -g3 -DDEBUG -DUSE_HAL_DRIVER -DSTM32F103xB -c -I../Core/Inc -I../Drivers/STM32F1xx_HAL_Driver/Inc/Legacy -I../Drivers/STM32F1xx_HAL_Driver/Inc -I../Drivers/CMSIS/Device/ST/STM32F1xx/Include -I../Drivers/CMSIS/Include -O0 -ffunction-sections -fdata-sections -Wall -fstack-usage -fcyclomatic-complexity -MMD -MP -MF"Core/Src/main.d" -MT"Core/Src/main.o" --specs=nano.specs -mfloat-abi=soft -mthumb -o "Core/Src/main.o"
arm-none-eabi-gcc -o "STM32_IIC.elf" @"objects.list"   -mcpu=cortex-m3 -T"F:\STM32CubeIDE\workspace_1.18.0\STM32_IIC\STM32F103C8TX_FLASH.ld" --specs=nosys.specs -Wl,-Map="STM32_IIC.map" -Wl,--gc-sections -static --specs=nano.specs -mfloat-abi=soft -mthumb -u _printf_float -u _scanf_float -Wl,--start-group -lc -lm -Wl,--end-group
Finished building target: STM32_IIC.elf
 
arm-none-eabi-size  STM32_IIC.elf 
arm-none-eabi-objdump -h -S STM32_IIC.elf  > "STM32_IIC.list"
   text	   data	    bss	    dec	    hex	filename
  34180	    468	   2060	  36708	   8f64	STM32_IIC.elf
Finished building: default.size.stdout
 
Finished building: STM32_IIC.list
 

18:30:49 Build Finished. 0 errors, 0 warnings. (took 501ms)

