21:29:45 **** Incremental Build of configuration Debug for project STM32_BlueToothLowEnergy ****
make -j16 all 
arm-none-eabi-gcc "../Core/Src/main.c" -mcpu=cortex-m3 -std=gnu11 -g3 -DDEBUG -DUSE_HAL_DRIVER -DSTM32F103xB -c -I../Core/Inc -I../Drivers/STM32F1xx_HAL_Driver/Inc/Legacy -I../Drivers/STM32F1xx_HAL_Driver/Inc -I../Drivers/CMSIS/Device/ST/STM32F1xx/Include -I../Drivers/CMSIS/Include -O0 -ffunction-sections -fdata-sections -Wall -fstack-usage -fcyclomatic-complexity -MMD -MP -MF"Core/Src/main.d" -MT"Core/Src/main.o" --specs=nano.specs -mfloat-abi=soft -mthumb -o "Core/Src/main.o"
arm-none-eabi-gcc -o "STM32_BlueToothLowEnergy.elf" @"objects.list"   -mcpu=cortex-m3 -T"F:\STM32CubeIDE\workspace_1.18.0\STM32_BlueToothLowEnergy\STM32F103C8TX_FLASH.ld" --specs=nosys.specs -Wl,-Map="STM32_BlueToothLowEnergy.map" -Wl,--gc-sections -static --specs=nano.specs -mfloat-abi=soft -mthumb -Wl,--start-group -lc -lm -Wl,--end-group
Finished building target: STM32_BlueToothLowEnergy.elf
 
arm-none-eabi-size  STM32_BlueToothLowEnergy.elf 
arm-none-eabi-objdump -h -S STM32_BlueToothLowEnergy.elf  > "STM32_BlueToothLowEnergy.list"
   text	   data	    bss	    dec	    hex	filename
  11148	     24	   1808	  12980	   32b4	STM32_BlueToothLowEnergy.elf
Finished building: default.size.stdout
 
Finished building: STM32_BlueToothLowEnergy.list
 

21:29:46 Build Finished. 0 errors, 0 warnings. (took 496ms)

